../Core/Src/qffmath.c:20:7:_qFFMath_GetAbnormal	16	static
../Core/Src/qffmath.c:35:5:qFFMath_FPClassify	24	static
../Core/Src/qffmath.c:63:6:qFFMath_IsNaN	16	static
../Core/Src/qffmath.c:68:6:qFFMath_IsInf	16	static
../Core/Src/qffmath.c:73:6:qFFMath_IsFinite	16	static
../Core/Src/qffmath.c:78:6:qFFMath_IsNormal	16	static
../Core/Src/qffmath.c:83:7:qFFMath_Abs	16	static
../Core/Src/qffmath.c:88:7:qFFMath_Recip	24	static
../Core/Src/qffmath.c:102:7:qFFMath_Sqrt	32	static
../Core/Src/qffmath.c:126:7:qFFMath_RSqrt	32	static
../Core/Src/qffmath.c:150:14:qFFMath_CalcCbrt	48	static
../Core/Src/qffmath.c:176:7:qFFMath_Cbrt	16	static
../Core/Src/qffmath.c:181:7:qFFMath_RCbrt	16	static
../Core/Src/qffmath.c:187:7:qFFMath_Round	16	static
../Core/Src/qffmath.c:194:7:qFFMath_Floor	16	static
../Core/Src/qffmath.c:199:7:qFFMath_Ceil	16	static
../Core/Src/qffmath.c:204:7:qFFMath_Trunc	16	static
../Core/Src/qffmath.c:211:7:qFFMath_Frac	16	static
../Core/Src/qffmath.c:216:7:qFFMath_Remainder	16	static
../Core/Src/qffmath.c:222:7:qFFMath_Mod	16	static
../Core/Src/qffmath.c:229:7:qFFMath_Sin	24	static
../Core/Src/qffmath.c:241:7:qFFMath_Cos	16	static
../Core/Src/qffmath.c:246:7:qFFMath_Tan	24	static
../Core/Src/qffmath.c:251:7:qFFMath_ASin	24	static
../Core/Src/qffmath.c:257:7:qFFMath_ACos	16	static
../Core/Src/qffmath.c:262:7:qFFMath_ATan	24	static
../Core/Src/qffmath.c:272:7:qFFMath_ATan2	32	static
../Core/Src/qffmath.c:283:7:qFFMath_Exp2	32	static
../Core/Src/qffmath.c:311:7:qFFMath_Log2	32	static
../Core/Src/qffmath.c:339:7:qFFMath_Exp	16	static
../Core/Src/qffmath.c:344:7:qFFMath_Exp10	16	static
../Core/Src/qffmath.c:349:7:qFFMath_Log	16	static
../Core/Src/qffmath.c:354:7:qFFMath_Log10	16	static
../Core/Src/qffmath.c:359:7:qFFMath_Pow	16	static
../Core/Src/qffmath.c:365:7:qFFMath_Sinh	16	static
../Core/Src/qffmath.c:371:7:qFFMath_Cosh	16	static
../Core/Src/qffmath.c:377:7:qFFMath_Tanh	24	static
../Core/Src/qffmath.c:383:7:qFFMath_ASinh	16	static
../Core/Src/qffmath.c:388:7:qFFMath_ACosh	16	static
../Core/Src/qffmath.c:394:7:qFFMath_ATanh	24	static
../Core/Src/qffmath.c:399:7:qFFMath_Erf	24	static
../Core/Src/qffmath.c:414:7:qFFMath_Erfc	16	static
../Core/Src/qffmath.c:419:7:qFFMath_Max	16	static
../Core/Src/qffmath.c:425:7:qFFMath_Min	16	static
../Core/Src/qffmath.c:431:7:qFFMath_RExp	32	static
../Core/Src/qffmath.c:451:7:qFFMath_LDExp	32	static
../Core/Src/qffmath.c:471:7:qFFMath_Hypot	48	static
../Core/Src/qffmath.c:502:7:qFFMath_NextAfter	40	static
