../Core/Src/qfis.c:138:5:qFIS_SetParameter	24	static
../Core/Src/qfis.c:192:5:qFIS_SetDeFuzzMethod	24	static
../Core/Src/qfis.c:218:5:qFIS_Setup	40	static
../Core/Src/qfis.c:270:5:qFIS_InputSetup	32	static
../Core/Src/qfis.c:286:5:qFIS_OutputSetup	32	static
../Core/Src/qfis.c:310:5:qFIS_SetInput	32	static
../Core/Src/qfis.c:324:7:qFIS_GetOutput	24	static
../Core/Src/qfis.c:337:5:qFIS_SetMF	40	static
../Core/Src/qfis.c:377:5:qFIS_StoreAggregatedRegion	32	static
../Core/Src/qfis.c:400:13:qFIS_EvalInputMFs	32	static
../Core/Src/qfis.c:416:13:qFIS_TruncateInputs	40	static
../Core/Src/qfis.c:427:5:qFIS_Fuzzify	24	static
../Core/Src/qfis.c:440:14:qFIS_ParseFuzzValue	24	static
../Core/Src/qfis.c:458:29:qFIS_GetFuzzOperator	24	static
../Core/Src/qfis.c:477:15:qFIS_InferenceAntecedent	40	static
../Core/Src/qfis.c:511:15:qFIS_InferenceReachEnd	32	static
../Core/Src/qfis.c:533:15:qFIS_AggregationFindConsequent	16	static
../Core/Src/qfis.c:542:15:qFIS_InferenceConsequent	48	static
../Core/Src/qfis.c:592:13:qFIS_Aggregate	24	static
../Core/Src/qfis.c:611:14:qFIS_DeFuzz_Centroid	32	static
../Core/Src/qfis.c:635:14:qFIS_DeFuzz_Bisector	40	static
../Core/Src/qfis.c:674:14:qFIS_DeFuzz_LOM	24	static
../Core/Src/qfis.c:700:14:qFIS_DeFuzz_SOM	24	static
../Core/Src/qfis.c:726:14:qFIS_DeFuzz_MOM	24	static
../Core/Src/qfis.c:765:14:qFIS_DeFuzz_WtAverage	24	static
../Core/Src/qfis.c:777:14:qFIS_DeFuzz_WtSum	24	static
../Core/Src/qfis.c:789:5:qFIS_DeFuzzify	40	static
../Core/Src/qfis.c:843:5:qFIS_SetRuleWeights	24	static
../Core/Src/qfis.c:856:5:qFIS_Inference	24	static
../Core/Src/qfis.c:885:14:qFIS_GetNextX	24	static
../Core/Src/qfis.c:894:14:qFIS_TriMF	56	static
../Core/Src/qfis.c:910:14:qFIS_TrapMF	56	static
../Core/Src/qfis.c:928:14:qFIS_GBellMF	48	static
../Core/Src/qfis.c:943:14:qFIS_GaussMF	40	static
../Core/Src/qfis.c:958:14:qFIS_Gauss2MF	48	static
../Core/Src/qfis.c:973:14:qFIS_SigMF	48	static
../Core/Src/qfis.c:987:14:qFIS_TSigMF	48	static
../Core/Src/qfis.c:1024:14:qFIS_DSigMF	32	static
../Core/Src/qfis.c:1031:14:qFIS_PSigMF	32	static
../Core/Src/qfis.c:1038:14:qFIS_SMF	56	static
../Core/Src/qfis.c:1069:14:qFIS_TSMF	80	static
../Core/Src/qfis.c:1093:14:qFIS_ZMF	56	static
../Core/Src/qfis.c:1124:14:qFIS_LinSMF	48	static
../Core/Src/qfis.c:1155:14:qFIS_LinZMF	48	static
../Core/Src/qfis.c:1186:14:qFIS_TZMF	80	static
../Core/Src/qfis.c:1210:14:qFIS_PiMF	32	static
../Core/Src/qfis.c:1217:14:qFIS_SingletonMF	32	static
../Core/Src/qfis.c:1227:14:qFIS_ConcaveMF	48	static
../Core/Src/qfis.c:1250:14:qFIS_TConcaveMF	40	static
../Core/Src/qfis.c:1262:14:qFIS_SpikeMF	40	static
../Core/Src/qfis.c:1276:14:qFIS_TLinSMF	40	static
../Core/Src/qfis.c:1290:14:qFIS_TLinZMF	40	static
../Core/Src/qfis.c:1304:14:qFIS_RectangleMF	40	static
../Core/Src/qfis.c:1318:14:qFIS_CosineMF	64	static
../Core/Src/qfis.c:1339:14:qFIS_ConstantMF	24	static
../Core/Src/qfis.c:1348:14:qFIS_LinearMF	32	static
../Core/Src/qfis.c:1363:14:qFIS_Min	16	static
../Core/Src/qfis.c:1369:14:qFIS_Max	16	static
../Core/Src/qfis.c:1375:14:qFIS_Prod	16	static
../Core/Src/qfis.c:1381:14:qFIS_ProbOR	24	static
../Core/Src/qfis.c:1387:14:qFIS_Sum	16	static
../Core/Src/qfis.c:1393:14:qFIS_Bound	24	static
